Multi-Photo Hand-Annotated Perspective Fusion Evaluator
=================================================================
Found 68 panos with >= 2 hand-annotated crops.
Pano --WyciZkeyJi: 3 crops | FOV: 240° | Err:   5781m | Corr: 0.784 [17s]
Pano -7QU4SC9xwXB: 3 crops | FOV: 226° | Err:  17185m | Corr: 0.753 [34s]
Pano -AcKqsLPPPrJ: 2 crops | FOV: 160° | Err:   9486m | Corr: 0.752 [52s]
Pano -KVX8POwi4FA: 3 crops | FOV: 232° | Err:   1121m | Corr: 0.684 [69s]
Pano -OSi9xFi8tJL: 3 crops | FOV: 209° | Err:  13166m | Corr: 0.730 [87s]
Pano -d1Esm5HrWN_: 3 crops | FOV: 204° | Err:  18044m | Corr: 0.798 [106s]
Pano -mxDWIU-ey4h: 2 crops | FOV: 120° | Err:  26440m | Corr: 0.668 [126s]
Pano -yiHVpEf_kKT: 3 crops | FOV: 262° | Err:     32m | Corr: 0.706 [144s]
Pano 0288ELrvdvaN: 2 crops | FOV: 116° | Err:   9997m | Corr: 0.659 [164s]
Pano 061cCYn21Hxj: 2 crops | FOV: 175° | Err:  14233m | Corr: 0.693 [184s]
Pano 08rD1iBo1xcv: 3 crops | FOV: 230° | Err:  18594m | Corr: 0.722 [205s]
Pano 0DCmqu8iMNNq: 3 crops | FOV: 250° | Err:   6042m | Corr: 0.719 [226s]
Pano 0LkC4UdxA9kM: 2 crops | FOV: 175° | Err:  21895m | Corr: 0.670 [247s]
Pano 0P4J2Hq1vEnM: 2 crops | FOV: 165° | Err:  14505m | Corr: 0.730 [268s]
Pano 0SWYlSUa8TQf: 2 crops | FOV: 168° | Err:  11439m | Corr: 0.696 [290s]
Pano 0YO4hevl0TlM: 2 crops | FOV: 174° | Err:  12752m | Corr: 0.792 [312s]
Pano 0dNbPhLvsLdv: 2 crops | FOV: 175° | Err:  12471m | Corr: 0.728 [333s]
Pano 0dZapPlBpQeq: 2 crops | FOV: 174° | Err:  26363m | Corr: 0.687 [355s]
Pano 0f-CfId7jqkG: 2 crops | FOV: 102° | Err:  28812m | Corr: 0.722 [375s]
Pano 0fWl3F3YRjoh: 3 crops | FOV: 244° | Err:  25056m | Corr: 0.672 [395s]
Pano 0j4fexEfmglJ: 3 crops | FOV: 154° | Err:  17210m | Corr: 0.714 [417s]
Pano 0rAALTCSyk4d: 2 crops | FOV: 175° | Err:   7160m | Corr: 0.709 [443s]
Pano 12zKB1VcMp1t: 2 crops | FOV: 126° | Err:   4832m | Corr: 0.654 [470s]
Pano 1CRu1nOrx2rh: 2 crops | FOV: 116° | Err:  21251m | Corr: 0.772 [496s]
Pano 1Xr_csMd0tcO: 3 crops | FOV: 262° | Err:  11804m | Corr: 0.634 [525s]
Pano 1awvUDTBiEyQ: 3 crops | FOV: 147° | Err:   9632m | Corr: 0.767 [554s]
Pano 1d3odopqB0Iq: 3 crops | FOV: 262° | Err:     33m | Corr: 0.673 [635s]
Pano 1gMIKhp4j8ZV: 3 crops | FOV: 248° | Err:  24238m | Corr: 0.754 [653s]
Pano 1iMFHgvO3P-b: 3 crops | FOV: 194° | Err:  26427m | Corr: 0.702 [673s]
Pano 1o52_3zQLII2: 2 crops | FOV: 172° | Err:   8943m | Corr: 0.729 [694s]
Pano 1ogFsuCuCDeR: 3 crops | FOV: 200° | Err:  32154m | Corr: 0.702 [715s]
Pano 1rwHGo31OGSQ: 2 crops | FOV: 132° | Err:  23713m | Corr: 0.745 [736s]
8QPano 27HKuTj44Pg5: 3 crops | FOV: 108° | Err:  29249m | Corr: 0.678 [755s]
Pano 2BnP6OXoIDlO: 2 crops | FOV: 63° | Err:  22425m | Corr: 0.782 [775s]
Pano 2HzhK-7eatfT: 2 crops | FOV: 142° | Err:  24162m | Corr: 0.620 [795s]
Pano 2Ju05lU44_kU: 3 crops | FOV: 130° | Err:  16892m | Corr: 0.794 [818s]
Pano 2L4xDYpBmIRI: 3 crops | FOV: 112° | Err:  23343m | Corr: 0.729 [842s]
Pano 2MRNSLlMRk7Y: 3 crops | FOV: 135° | Err:  25812m | Corr: 0.804 [866s]
Pano 2VlKKP-waMXS: 3 crops | FOV: 262° | Err:  27847m | Corr: 0.670 [886s]
Pano 2X37DP_ZxmaR: 3 crops | FOV: 218° | Err:     23m | Corr: 0.769 [905s]
Pano 2d-jydcZQqi4: 3 crops | FOV: 202° | Err:  18040m | Corr: 0.833 [924s]
Pano 2npgWxjuBtzT: 3 crops | FOV: 176° | Err:  28195m | Corr: 0.737 [956s]
Pano 2qnw_OyCk2sm: 3 crops | FOV: 128° | Err:   5121m | Corr: 0.680 [984s]
Pano 2sLGh6IeqZl2: 2 crops | FOV: 121° | Err:  13587m | Corr: 0.795 [1072s]
Pano 2vKP409hA7GM: 2 crops | FOV: 87° | Err:  27315m | Corr: 0.754 [1090s]
Pano 2vT9jvB7SFdT: 3 crops | FOV: 214° | Err:   6844m | Corr: 0.712 [1107s]
Pano 36nWXcdnZruT: 2 crops | FOV: 175° | Err:  29984m | Corr: 0.733 [1127s]
Pano 37eGSjaM0MPY: 2 crops | FOV: 158° | Err:  13117m | Corr: 0.783 [1151s]
Pano 3888loagYHnU: 2 crops | FOV: 118° | Err:  11486m | Corr: 0.681 [1174s]
Pano 3DxQAz5h6s6G: 2 crops | FOV: 88° | Err:  14597m | Corr: 0.661 [1199s]
Pano 3MZn9qOQ8ny2: 3 crops | FOV: 256° | Err:  18479m | Corr: 0.738 [1229s]
Pano 3MxkFaFq8cUz: 3 crops | FOV: 251° | Err:  13786m | Corr: 0.706 [1260s]
Pano 3NoWAk1-Z5OX: 3 crops | FOV: 132° | Err:   8904m | Corr: 0.749 [1281s]
Pano 3bzk_lKR4n0f: 3 crops | FOV: 148° | Err:  24977m | Corr: 0.710 [1303s]
Pano 3deMQ4aB_kzq: 3 crops | FOV: 262° | Err:   3405m | Corr: 0.654 [1324s]
Pano 3fL1aRPNWfYm: 3 crops | FOV: 236° | Err:  20559m | Corr: 0.754 [1344s]
Pano 3h0LkLhIhKGG: 2 crops | FOV: 132° | Err:  20548m | Corr: 0.790 [1363s]
Pano 3i1LxyMaw495: 2 crops | FOV: 175° | Err:   2850m | Corr: 0.677 [1382s]
Pano 3j6nusgkXQ2X: 3 crops | FOV: 262° | Err:    127m | Corr: 0.736 [1401s]
Pano 3o0DRtbXxxsd: 3 crops | FOV: 118° | Err:  22713m | Corr: 0.674 [1419s]
Pano 3q5g7dAR1GTo: 2 crops | FOV: 132° | Err:  17621m | Corr: 0.625 [1439s]
Pano 3rx6VVMqkSVK: 3 crops | FOV: 262° | Err:  11935m | Corr: 0.678 [1459s]
Pano 3sTMX-DwF7lI: 3 crops | FOV: 262° | Err:  12450m | Corr: 0.668 [1482s]
Pano 42SrfVF0xA-l: 2 crops | FOV: 175° | Err:   6293m | Corr: 0.694 [1544s]
Pano 45TvC0DOQFAS: 3 crops | FOV: 262° | Err:  26567m | Corr: 0.654 [1609s]
Pano 4AQK-ijaR3Zi: 3 crops | FOV: 194° | Err:  25366m | Corr: 0.671 [1627s]
Pano 4Gr7HoRsFGna: 3 crops | FOV: 175° | Err:  25489m | Corr: 0.673 [1644s]
Pano 4IPOvHN0JFch: 2 crops | FOV: 175° | Err:  28568m | Corr: 0.608 [1663s]

=================================================================
MULTI-PHOTO FUSION RESULTS
=================================================================
Evaluated Panos: 68
Median Error:    17038.4 meters
Top-1 < 500m:    5.9%
Top-1 < 1.0 km:  5.9%
Top-1 < 5.0 km:  11.8%

